// Jest Snapshot v1, https://goo.gl/fbAQLP

exports[`\`<FractalView />\` renders correctly 1`] = `
<div>
  <div
    class="sc-AxiKw bkSRTf"
  >
    <div
      class="sc-AxirZ eJFmNH"
    >
      <div
        class="sc-AxjAm lhlKPj similarity-source depth-1"
      >
        <div
          class="sc-AxjAm enjJjR similarity-test/a depth-2"
        >
          <div
            class="sc-AxjAm enjJjR similarity-test/a depth-3"
          />
        </div>
        <div
          class="sc-AxjAm hDRcvy similarity-test/b depth-2"
        >
          <div
            class="sc-AxjAm enjJjR similarity-test/a depth-3"
          />
        </div>
      </div>
    </div>
  </div>
</div>
`;
