// Jest Snapshot v1, https://goo.gl/fbAQLP

exports[`\`<TreeFractal />\` renders correctly 1`] = `
.c3 {
  position: fixed;
  top: 0px;
  left: 0px;
  width: 100vw;
  height: 100vh;
  display: -webkit-box;
  display: -webkit-flex;
  display: -ms-flexbox;
  display: flex;
  -webkit-flex-direction: column;
  -ms-flex-direction: column;
  flex-direction: column;
  -webkit-box-pack: end;
  -webkit-justify-content: flex-end;
  -ms-flex-pack: end;
  justify-content: flex-end;
  -webkit-align-items: stretch;
  -webkit-box-align: stretch;
  -ms-flex-align: stretch;
  align-items: stretch;
  box-sizing: border-box;
  padding: 1rem;
}

.c0 {
  position: fixed;
  top: 0px;
  left: 0px;
  width: 100vw;
  height: 100vh;
  display: -webkit-box;
  display: -webkit-flex;
  display: -ms-flexbox;
  display: flex;
  -webkit-box-pack: center;
  -webkit-justify-content: center;
  -ms-flex-pack: center;
  justify-content: center;
  -webkit-align-items: center;
  -webkit-box-align: center;
  -ms-flex-align: center;
  align-items: center;
  overflow: hidden;
}

.c2 {
  -webkit-transform-origin: center bottom;
  -ms-transform-origin: center bottom;
  transform-origin: center bottom;
  position: absolute;
  top: 0px;
  bottom: 0px;
  left: 0px;
  right: 0px;
}

.c1 {
  width: 1vh;
  height: 15vh;
  position: relative;
}

.c4 {
  padding: 1rem;
  background-color: rgba(255,255,255,0.7);
  border-radius: 0.5rem;
  box-shadow: 0px 3px 1px -2px rgba(0,0,0,0.2), 0px 2px 2px 0px rgba(0,0,0,0.14),0px 1px 5px 0px rgba(0,0,0,0.12);
  height: 30%;
  display: -webkit-box;
  display: -webkit-flex;
  display: -ms-flexbox;
  display: flex;
  -webkit-flex-direction: column;
  -ms-flex-direction: column;
  flex-direction: column;
  -webkit-align-items: stretch;
  -webkit-box-align: stretch;
  -ms-flex-align: stretch;
  align-items: stretch;
  overflow-y: auto;
}

.c5 {
  -webkit-flex-shrink: 0;
  -ms-flex-negative: 0;
  flex-shrink: 0;
  padding-bottom: 0.5rem;
  display: -webkit-box;
  display: -webkit-flex;
  display: -ms-flexbox;
  display: flex;
  -webkit-align-items: center;
  -webkit-box-align: center;
  -ms-flex-align: center;
  align-items: center;
}

.c9 {
  display: grid;
  grid-template-columns: repeat(1,minmax(0,1fr));
}

.c7 {
  -webkit-flex: 1 0 0;
  -ms-flex: 1 0 0;
  flex: 1 0 0;
  margin-left: 1em;
  margin-right: auto;
}

.c8 {
  background-image: url(-- MOCK FILE EXPORT VALUE --);
  background-size: 1.6rem 1.6rem;
  width: 1.6rem;
  height: 1.6rem;
  opacity: 0.6;
  margin-right: 0.5rem;
}

.c8:hover {
  opacity: 0.8;
}

.c6 {
  border-radius: 0.5rem;
  box-shadow: 0px 3px 1px -2px rgba(0,0,0,0.2), 0px 2px 2px 0px rgba(0,0,0,0.14),0px 1px 5px 0px rgba(0,0,0,0.12);
  padding: 6px 16px;
  background-color: lightgray;
  color: white;
  -webkit-letter-spacing: 0.03em;
  -moz-letter-spacing: 0.03em;
  -ms-letter-spacing: 0.03em;
  letter-spacing: 0.03em;
  line-height: 1.75;
  text-transform: uppercase;
  background-color: cornflowerblue;
}

.c6:hover {
  box-shadow: 0px 2px 4px -1px rgba(0,0,0,0.2), 0px 4px 5px 0px rgba(0,0,0,0.14),0px 1px 10px 0px rgba(0,0,0,0.12);
  -webkit-filter: brightness(95%);
  filter: brightness(95%);
}

.c6:active {
  box-shadow: 0px 5px 5px -3px rgba(0,0,0,0.2), 0px 8px 10px 1px rgba(0,0,0,0.14),0px 3px 14px 2px rgba(0,0,0,0.12);
  -webkit-filter: brightness(100%);
  filter: brightness(100%);
}

@media (min-width:640px) {
  .c9 {
    grid-template-columns: repeat(2,minmax(0,1fr));
  }
}

@media (min-width:768px) {
  .c9 {
    grid-template-columns: repeat(3,minmax(0,1fr));
  }
}

@media (min-width:1024px) {
  .c9 {
    display: -webkit-box;
    display: -webkit-flex;
    display: -ms-flexbox;
    display: flex;
    -webkit-flex-direction: column;
    -ms-flex-direction: column;
    flex-direction: column;
  }
}

<div>
  <div
    class="c0"
  >
    <div
      class="c1"
    >
      <div
        class="c2 similarity-root depth-0"
        style="background-color: black; transform: translateY(-0%) scale(1) rotate(0rad);"
      />
    </div>
  </div>
  <div
    class="c3"
  >
    <div
      class="sc-AxhUy c4"
    >
      <div
        class="c5"
      >
        <button
          class="sc-fzoLsD c6"
        >
          Add
        </button>
        <span
          class="c7"
        >
          &lt; Add up to 3 similarities
        </span>
        <a
          href="https://github.com/mockiemcgee/test"
          target="blank"
        >
          <div
            class="c8"
          />
        </a>
      </div>
      <div
        class="c9"
      />
    </div>
  </div>
</div>
`;
