// Jest Snapshot v1, https://goo.gl/fbAQLP

exports[`\`<TreeFractal />\` renders correctly 1`] = `
<div>
  <div
    class="sc-fzqNJr bVqitE"
  >
    <div
      class="sc-AxiKw bkSRTf"
    >
      <div
        class="sc-AxirZ eJFmNH"
      >
        <div
          class="sc-AxjAm lhlKPj similarity-root depth-1"
        />
      </div>
    </div>
    <div
      class="sc-fznZeY cOrFmO"
    >
      <div
        class="sc-fzokOt cVoZm"
      >
        <button
          class="sc-AxhCb sc-AxhUy cMvSSa"
        >
          Add
        </button>
      </div>
      <div
        class="sc-fzqBZW gwUpGn"
      />
    </div>
  </div>
</div>
`;
