// Jest Snapshot v1, https://goo.gl/fbAQLP

exports[`\`<TreeFractal />\` renders correctly 1`] = `
<div>
  <div
    class="sc-AxjAm ksXllY"
  >
    <div
      class="sc-AxirZ bzCvhX"
    >
      <div
        class="sc-AxhCb ffeldz"
      >
        <div
          class="sc-AxiKw dpuCvk similarity-root depth-1"
          style="background-color: black; transform: translateY(-0%) scale(1) rotate(0rad);"
        />
      </div>
    </div>
    <div
      class="sc-AxhUy kqnPxL"
    >
      <div
        class="sc-AxgMl TudtO"
      >
        <button
          class="sc-Axmtr sc-AxmLO nmzJo"
        >
          Add
        </button>
      </div>
      <div
        class="sc-AxheI ffCPZw"
      />
    </div>
  </div>
</div>
`;
