// Jest Snapshot v1, https://goo.gl/fbAQLP

exports[`\`<SimilarityControls />\` renders correctly 1`] = `
<div>
  <div
    class="sc-AxhCb cBgcGW"
  >
    <div>
      <button
        class="sc-AxjAm sc-AxiKw cgflug"
      >
        Remove
      </button>
    </div>
    <div
      class="sc-AxhUy eVFjRW"
    >
      <div>
        <label
          for="test/subject-angle"
        >
          Angle
        </label>
        <input
          id="test/subject-angle"
          max="6.2832"
          min="-6.2832"
          step="0.0001"
          type="range"
          value="0.1385"
        />
        <p>
          Min: 
          -2.00π rad
        </p>
        <p>
          Max: 
          2.00π rad
        </p>
        <p>
          Value: 
          <output
            for="test/subject-angle"
          >
            0.04π rad
          </output>
        </p>
      </div>
      <div>
        <label
          for="test/subject-scale"
        >
          Scale
        </label>
        <input
          id="test/subject-scale"
          max="2"
          min="0"
          step="0.05"
          type="range"
          value="0.7791"
        />
        <p>
          Min: 
          0.00
        </p>
        <p>
          Max: 
          2.00
        </p>
        <p>
          Value: 
          <output
            for="test/subject-scale"
          >
            0.78
          </output>
        </p>
      </div>
      <div>
        <label
          for="test/subject-translation"
        >
          Translation
        </label>
        <input
          id="test/subject-translation"
          max="1.5"
          min="0"
          step="0.05"
          type="range"
          value="0.4663"
        />
        <p>
          Min: 
          0.00
        </p>
        <p>
          Max: 
          1.50
        </p>
        <p>
          Value: 
          <output
            for="test/subject-translation"
          >
            0.47
          </output>
        </p>
      </div>
      <div>
        <label
          for="test/subject-depth"
        >
          Depth
        </label>
        <input
          id="test/subject-depth"
          max="8"
          min="0"
          step="1"
          type="range"
          value="3"
        />
        <p>
          Min: 
          0
        </p>
        <p>
          Max: 
          8
        </p>
        <p>
          Value: 
          <output
            for="test/subject-depth"
          >
            3
          </output>
        </p>
      </div>
    </div>
  </div>
</div>
`;
