// Jest Snapshot v1, https://goo.gl/fbAQLP

exports[`\`<Recursion />\` correctly renders the tree with the appropriate depth 1`] = `
<div>
  <div
    class="sc-AxjAm enjJjR similarity-test/a depth-1"
  >
    <div
      class="sc-AxjAm enjJjR similarity-test/a depth-2"
    >
      <div
        class="sc-AxjAm enjJjR similarity-test/a depth-3"
      />
    </div>
    <div
      class="sc-AxjAm hDRcvy similarity-test/b depth-2"
    >
      <div
        class="sc-AxjAm enjJjR similarity-test/a depth-3"
      />
    </div>
  </div>
</div>
`;

exports[`\`<Recursion />\` renders nothing when the \`currentDepth\` is equal to the given similarity's depth 1`] = `<div />`;
