// Jest Snapshot v1, https://goo.gl/fbAQLP

exports[`\`<Recursion />\` correctly renders the tree with the appropriate depth 1`] = `
<div>
  <div
    class="tree test/a depth-1"
    style="position: absolute; inset: 0; background-color: green; transform-origin: center bottom; transform: translateY(-99.4%) scale(0.543) rotate(-9.462477072612456rad);"
  >
    <div
      class="tree test/a depth-2"
      style="position: absolute; inset: 0; background-color: green; transform-origin: center bottom; transform: translateY(-99.4%) scale(0.543) rotate(-9.462477072612456rad);"
    >
      <div
        class="tree test/a depth-3"
        style="position: absolute; inset: 0; background-color: green; transform-origin: center bottom; transform: translateY(-99.4%) scale(0.543) rotate(-9.462477072612456rad);"
      />
    </div>
    <div
      class="tree test/b depth-2"
      style="position: absolute; inset: 0; background-color: red; transform-origin: center bottom; transform: translateY(-104.2%) scale(0.452) rotate(5.975309227127786rad);"
    >
      <div
        class="tree test/a depth-3"
        style="position: absolute; inset: 0; background-color: green; transform-origin: center bottom; transform: translateY(-99.4%) scale(0.543) rotate(-9.462477072612456rad);"
      />
    </div>
  </div>
</div>
`;

exports[`\`<Recursion />\` renders nothing when the \`currentDepth\` is equal to the given similarity's depth 1`] = `<div />`;
