// Jest Snapshot v1, https://goo.gl/fbAQLP

exports[`\`<FractalRoot />\` renders correctly 1`] = `
.c1 {
  -webkit-transform-origin: center bottom;
  -ms-transform-origin: center bottom;
  transform-origin: center bottom;
  position: absolute;
  top: 0px;
  bottom: 0px;
  left: 0px;
  right: 0px;
}

.c0 {
  width: 6px;
  height: 120px;
  position: relative;
  -webkit-transform: translateY(100%);
  -ms-transform: translateY(100%);
  transform: translateY(100%);
}

<div>
  <div
    class="c0"
  >
    <div
      class="c1 similarity-root depth-1"
      style="background-color: black; transform: translateY(-0%) scale(1) rotate(0rad);"
    >
      <div
        class="c1 similarity-test/a depth-2"
        style="background-color: green; transform: translateY(-99.4%) scale(0.543) rotate(-9.462477072612456rad);"
      >
        <div
          class="c1 similarity-test/a depth-3"
          style="background-color: green; transform: translateY(-99.4%) scale(0.543) rotate(-9.462477072612456rad);"
        />
      </div>
      <div
        class="c1 similarity-test/b depth-2"
        style="background-color: red; transform: translateY(-104.2%) scale(0.452) rotate(5.975309227127786rad);"
      >
        <div
          class="c1 similarity-test/a depth-3"
          style="background-color: green; transform: translateY(-99.4%) scale(0.543) rotate(-9.462477072612456rad);"
        />
      </div>
    </div>
  </div>
</div>
`;
